---
source: tests/cli_tests.rs
expression: output
---

DRY RUN
Preview of planned file system changes

rule organize-desktop
─────────────────────
MOVE from dir1/txt_file1.txt to text/txt_file1.txt
MOVE from dir1/txt_file2.txt to text/txt_file2.txt
MOVE from dir1/txt_file3.txt to text/txt_file3.txt


rule new-rule
─────────────
MOVE from dir1/json_file1.json to json/json_file1.json
MOVE from dir1/json_file2.json to json/json_file2.json
MOVE from dir1/json_file3.json to json/json_file3.json

note No changes were made. Run again with --execute to apply these changes.
